Running nvme/001
# tracer: nop
#
#                              _-----=> irqs-off
#                             / _----=> need-resched
#                            | / _---=> hardirq/softirq
#                            || / _--=> preempt-depth
#                            ||| /     delay
#           TASK-PID   CPU#  ||||    TIMESTAMP  FUNCTION
#              | |       |   ||||       |         |
              dd-XXX   [XXX] ....     X.XXXXXX: nvme_setup_nvm_cmd: qid=X, nsid=X, cmdid=X, flags=0x0, meta=0x0, cmd=(nvme_cmd_read slba=X, len=0, ctrl=0x0, dsmgmt=0, reftag=0)
Test complete
